// Jest Snapshot v1, https://goo.gl/fbAQLP

exports[`Email should match snapshot 1`] = `
<div>
  <div
    class="email-container dark-section"
  >
    <div
      class="sign-up-text"
    >
      <p>
        SUBSCRIBE TO THE ROPE AND LADDER MAILING LIST
      </p>
    </div>
    <form
      action="https://ropeandladder.us4.list-manage.com/subscribe/post?u=929e4d360b1bc0291a85bc367&id=51f155eaca"
      class="flex flex-center input-container"
      data-testid="emailForm"
      id="mc-embedded-subscribe-form"
      method="post"
      name="mc-embedded-subscribe-form"
      novalidate=""
      target="_blank"
    >
      <div
        class="MuiFormControl-root MuiTextField-root MuiFormControl-marginDense"
      >
        <label
          class="MuiFormLabel-root MuiFormLabel-colorSecondary MuiInputLabel-root MuiInputLabel-formControl MuiInputLabel-animated MuiInputLabel-marginDense MuiInputLabel-filled"
          data-shrink="false"
        >
          First Name
        </label>
        <div
          class="MuiInputBase-root MuiFilledInput-root MuiFilledInput-underline MuiInputBase-colorSecondary MuiFilledInput-colorSecondary MuiInputBase-formControl MuiInputBase-marginDense MuiFilledInput-marginDense"
        >
          <input
            aria-invalid="false"
            class="MuiInputBase-input MuiFilledInput-input MuiInputBase-inputMarginDense MuiFilledInput-inputMarginDense"
            data-testid="firstNameInput"
            name="FNAME"
            type="text"
            value=""
          />
        </div>
      </div>
      <div
        class="MuiFormControl-root MuiTextField-root MuiFormControl-marginDense"
      >
        <label
          class="MuiFormLabel-root MuiFormLabel-colorSecondary MuiInputLabel-root MuiInputLabel-formControl MuiInputLabel-animated MuiInputLabel-marginDense MuiInputLabel-filled"
          data-shrink="false"
        >
          Last Name
        </label>
        <div
          class="MuiInputBase-root MuiFilledInput-root MuiFilledInput-underline MuiInputBase-colorSecondary MuiFilledInput-colorSecondary MuiInputBase-formControl MuiInputBase-marginDense MuiFilledInput-marginDense"
        >
          <input
            aria-invalid="false"
            class="MuiInputBase-input MuiFilledInput-input MuiInputBase-inputMarginDense MuiFilledInput-inputMarginDense"
            data-testid="lastNameInput"
            name="LNAME"
            type="text"
            value=""
          />
        </div>
      </div>
      <div
        class="MuiFormControl-root MuiTextField-root MuiFormControl-marginDense"
      >
        <label
          class="MuiFormLabel-root MuiFormLabel-colorSecondary MuiInputLabel-root MuiInputLabel-formControl MuiInputLabel-animated MuiInputLabel-marginDense MuiInputLabel-filled"
          data-shrink="false"
        >
          Email Address
        </label>
        <div
          class="MuiInputBase-root MuiFilledInput-root MuiFilledInput-underline MuiInputBase-colorSecondary MuiFilledInput-colorSecondary MuiInputBase-formControl MuiInputBase-marginDense MuiFilledInput-marginDense"
        >
          <input
            aria-invalid="false"
            class="MuiInputBase-input MuiFilledInput-input MuiInputBase-inputMarginDense MuiFilledInput-inputMarginDense"
            data-testid="emailInput"
            name="EMAIL"
            type="text"
            value=""
          />
        </div>
      </div>
      <div
        aria-hidden="true"
        style="position: absolute; left: -5000px;"
      >
        <input
          data-testid="honeyPot"
          name="b_929e4d360b1bc0291a85bc367_51f155eaca"
          tabindex="-1"
          type="text"
          value=""
        />
      </div>
      <button
        class="MuiButtonBase-root MuiButton-root MuiButton-contained MuiButton-containedSecondary MuiButton-containedSizeLarge MuiButton-sizeLarge Mui-disabled Mui-disabled"
        data-testid="submitButton"
        disabled=""
        tabindex="-1"
        type="submit"
      >
        <span
          class="MuiButton-label"
        >
          Subscribe
        </span>
      </button>
    </form>
  </div>
</div>
`;
